Archive member included to satisfy reference by file (symbol)

C:/PROGRA~2/ARMGNU~1/13C7F1~1.2RE/bin/../lib/gcc/arm-none-eabi/13.2.1/thumb/v6-m/nofp\libgcc.a(_udivsi3.o)
                              CMakeFiles/blink.elf.dir/Core/Src/system_stm32l0xx.c.obj (__aeabi_uidiv)
C:/PROGRA~2/ARMGNU~1/13C7F1~1.2RE/bin/../lib/gcc/arm-none-eabi/13.2.1/thumb/v6-m/nofp\libgcc.a(_dvmd_tls.o)
                              C:/PROGRA~2/ARMGNU~1/13C7F1~1.2RE/bin/../lib/gcc/arm-none-eabi/13.2.1/thumb/v6-m/nofp\libgcc.a(_udivsi3.o) (__aeabi_idiv0)
C:/PROGRA~2/ARMGNU~1/13C7F1~1.2RE/bin/../lib/gcc/arm-none-eabi/13.2.1/thumb/v6-m/nofp\libgcc.a(_aeabi_uldivmod.o)
                              CMakeFiles/blink.elf.dir/Drivers/STM32L0xx_HAL_Driver/Src/stm32l0xx_hal_rcc.c.obj (__aeabi_uldivmod)
C:/PROGRA~2/ARMGNU~1/13C7F1~1.2RE/bin/../lib/gcc/arm-none-eabi/13.2.1/thumb/v6-m/nofp\libgcc.a(_muldi3.o)
                              CMakeFiles/blink.elf.dir/Drivers/STM32L0xx_HAL_Driver/Src/stm32l0xx_hal_rcc.c.obj (__aeabi_lmul)
C:/PROGRA~2/ARMGNU~1/13C7F1~1.2RE/bin/../lib/gcc/arm-none-eabi/13.2.1/thumb/v6-m/nofp\libgcc.a(_udivmoddi4.o)
                              C:/PROGRA~2/ARMGNU~1/13C7F1~1.2RE/bin/../lib/gcc/arm-none-eabi/13.2.1/thumb/v6-m/nofp\libgcc.a(_aeabi_uldivmod.o) (__udivmoddi4)
C:/PROGRA~2/ARMGNU~1/13C7F1~1.2RE/bin/../lib/gcc/arm-none-eabi/13.2.1/thumb/v6-m/nofp\libgcc.a(divsf3.o)
                              CMakeFiles/blink.elf.dir/Core/Src/main.c.obj (__aeabi_fdiv)
C:/PROGRA~2/ARMGNU~1/13C7F1~1.2RE/bin/../lib/gcc/arm-none-eabi/13.2.1/thumb/v6-m/nofp\libgcc.a(mulsf3.o)
                              CMakeFiles/blink.elf.dir/Core/Src/main.c.obj (__aeabi_fmul)
C:/PROGRA~2/ARMGNU~1/13C7F1~1.2RE/bin/../lib/gcc/arm-none-eabi/13.2.1/thumb/v6-m/nofp\libgcc.a(fixsfsi.o)
                              CMakeFiles/blink.elf.dir/Core/Src/main.c.obj (__aeabi_f2iz)
C:/PROGRA~2/ARMGNU~1/13C7F1~1.2RE/bin/../lib/gcc/arm-none-eabi/13.2.1/thumb/v6-m/nofp\libgcc.a(floatsisf.o)
                              CMakeFiles/blink.elf.dir/Core/Src/main.c.obj (__aeabi_i2f)
C:/PROGRA~2/ARMGNU~1/13C7F1~1.2RE/bin/../lib/gcc/arm-none-eabi/13.2.1/thumb/v6-m/nofp\libgcc.a(muldf3.o)
                              CMakeFiles/blink.elf.dir/Core/Src/ina226.c.obj (__aeabi_dmul)
C:/PROGRA~2/ARMGNU~1/13C7F1~1.2RE/bin/../lib/gcc/arm-none-eabi/13.2.1/thumb/v6-m/nofp\libgcc.a(floatsidf.o)
                              CMakeFiles/blink.elf.dir/Core/Src/ina226.c.obj (__aeabi_i2d)
C:/PROGRA~2/ARMGNU~1/13C7F1~1.2RE/bin/../lib/gcc/arm-none-eabi/13.2.1/thumb/v6-m/nofp\libgcc.a(_clzsi2.o)
                              C:/PROGRA~2/ARMGNU~1/13C7F1~1.2RE/bin/../lib/gcc/arm-none-eabi/13.2.1/thumb/v6-m/nofp\libgcc.a(divsf3.o) (__clzsi2)
C:/PROGRA~2/ARMGNU~1/13C7F1~1.2RE/bin/../lib/gcc/arm-none-eabi/13.2.1/thumb/v6-m/nofp\libgcc.a(_clzdi2.o)
                              C:/PROGRA~2/ARMGNU~1/13C7F1~1.2RE/bin/../lib/gcc/arm-none-eabi/13.2.1/thumb/v6-m/nofp\libgcc.a(_udivmoddi4.o) (__clzdi2)
C:/PROGRA~2/ARMGNU~1/13C7F1~1.2RE/bin/../lib/gcc/arm-none-eabi/13.2.1/thumb/v6-m/nofp\libg.a(libc_a-exit.o)
                              C:/PROGRA~2/ARMGNU~1/13C7F1~1.2RE/bin/../lib/gcc/arm-none-eabi/13.2.1/thumb/v6-m/nofp/crt0.o (exit)
C:/PROGRA~2/ARMGNU~1/13C7F1~1.2RE/bin/../lib/gcc/arm-none-eabi/13.2.1/thumb/v6-m/nofp\libg.a(libc_a-findfp.o)
                              C:/PROGRA~2/ARMGNU~1/13C7F1~1.2RE/bin/../lib/gcc/arm-none-eabi/13.2.1/thumb/v6-m/nofp\libg.a(libc_a-exit.o) (__stdio_exit_handler)
C:/PROGRA~2/ARMGNU~1/13C7F1~1.2RE/bin/../lib/gcc/arm-none-eabi/13.2.1/thumb/v6-m/nofp\libg.a(libc_a-fwalk.o)
                              C:/PROGRA~2/ARMGNU~1/13C7F1~1.2RE/bin/../lib/gcc/arm-none-eabi/13.2.1/thumb/v6-m/nofp\libg.a(libc_a-findfp.o) (_fwalk_sglue)
C:/PROGRA~2/ARMGNU~1/13C7F1~1.2RE/bin/../lib/gcc/arm-none-eabi/13.2.1/thumb/v6-m/nofp\libg.a(libc_a-stdio.o)
                              C:/PROGRA~2/ARMGNU~1/13C7F1~1.2RE/bin/../lib/gcc/arm-none-eabi/13.2.1/thumb/v6-m/nofp\libg.a(libc_a-findfp.o) (__sread)
C:/PROGRA~2/ARMGNU~1/13C7F1~1.2RE/bin/../lib/gcc/arm-none-eabi/13.2.1/thumb/v6-m/nofp\libg.a(libc_a-memset.o)
                              C:/PROGRA~2/ARMGNU~1/13C7F1~1.2RE/bin/../lib/gcc/arm-none-eabi/13.2.1/thumb/v6-m/nofp/crt0.o (memset)
C:/PROGRA~2/ARMGNU~1/13C7F1~1.2RE/bin/../lib/gcc/arm-none-eabi/13.2.1/thumb/v6-m/nofp\libg.a(libc_a-closer.o)
                              C:/PROGRA~2/ARMGNU~1/13C7F1~1.2RE/bin/../lib/gcc/arm-none-eabi/13.2.1/thumb/v6-m/nofp\libg.a(libc_a-stdio.o) (_close_r)
C:/PROGRA~2/ARMGNU~1/13C7F1~1.2RE/bin/../lib/gcc/arm-none-eabi/13.2.1/thumb/v6-m/nofp\libg.a(libc_a-reent.o)
                              C:/PROGRA~2/ARMGNU~1/13C7F1~1.2RE/bin/../lib/gcc/arm-none-eabi/13.2.1/thumb/v6-m/nofp\libg.a(libc_a-closer.o) (errno)
C:/PROGRA~2/ARMGNU~1/13C7F1~1.2RE/bin/../lib/gcc/arm-none-eabi/13.2.1/thumb/v6-m/nofp\libg.a(libc_a-impure.o)
[...]
Memory Configuration

Name             Origin             Length             Attributes
RAM              0x20000000         0x00005000         xrw
FLASH            0x08000000         0x00020000         xr
*default*        0x00000000         0xffffffff

Linker script and memory map

LOAD C:/PROGRA~2/ARMGNU~1/13C7F1~1.2RE/bin/../lib/gcc/arm-none-eabi/13.2.1/thumb/v6-m/nofp/crti.o
LOAD C:/PROGRA~2/ARMGNU~1/13C7F1~1.2RE/bin/../lib/gcc/arm-none-eabi/13.2.1/thumb/v6-m/nofp/crtbegin.o
LOAD C:/PROGRA~2/ARMGNU~1/13C7F1~1.2RE/bin/../lib/gcc/arm-none-eabi/13.2.1/thumb/v6-m/nofp/crt0.o
LOAD CMakeFiles/blink.elf.dir/Core/Src/ina226.c.obj
LOAD CMakeFiles/blink.elf.dir/Core/Src/main.c.obj
LOAD CMakeFiles/blink.elf.dir/Core/Src/stm32l0xx_hal_msp.c.obj
LOAD CMakeFiles/blink.elf.dir/Core/Src/stm32l0xx_it.c.obj
LOAD CMakeFiles/blink.elf.dir/Core/Src/syscalls.c.obj
LOAD CMakeFiles/blink.elf.dir/Core/Src/sysmem.c.obj
LOAD CMakeFiles/blink.elf.dir/Core/Src/system_stm32l0xx.c.obj
LOAD CMakeFiles/blink.elf.dir/Core/Startup/startup_stm32l071rbtx.s.obj
LOAD CMakeFiles/blink.elf.dir/Drivers/STM32L0xx_HAL_Driver/Src/stm32l0xx_hal.c.obj
LOAD CMakeFiles/blink.elf.dir/Drivers/STM32L0xx_HAL_Driver/Src/stm32l0xx_hal_cortex.c.obj
LOAD CMakeFiles/blink.elf.dir/Drivers/STM32L0xx_HAL_Driver/Src/stm32l0xx_hal_dma.c.obj
LOAD CMakeFiles/blink.elf.dir/Drivers/STM32L0xx_HAL_Driver/Src/stm32l0xx_hal_exti.c.obj
LOAD CMakeFiles/blink.elf.dir/Drivers/STM32L0xx_HAL_Driver/Src/stm32l0xx_hal_flash.c.obj
LOAD CMakeFiles/blink.elf.dir/Drivers/STM32L0xx_HAL_Driver/Src/stm32l0xx_hal_flash_ex.c.obj
LOAD CMakeFiles/blink.elf.dir/Drivers/STM32L0xx_HAL_Driver/Src/stm32l0xx_hal_flash_ramfunc.c.obj
LOAD CMakeFiles/blink.elf.dir/Drivers/STM32L0xx_HAL_Driver/Src/stm32l0xx_hal_gpio.c.obj
LOAD CMakeFiles/blink.elf.dir/Drivers/STM32L0xx_HAL_Driver/Src/stm32l0xx_hal_i2c.c.obj
LOAD CMakeFiles/blink.elf.dir/Drivers/STM32L0xx_HAL_Driver/Src/stm32l0xx_hal_i2c_ex.c.obj
LOAD CMakeFiles/blink.elf.dir/Drivers/STM32L0xx_HAL_Driver/Src/stm32l0xx_hal_pwr.c.obj
LOAD CMakeFiles/blink.elf.dir/Drivers/STM32L0xx_HAL_Driver/Src/stm32l0xx_hal_pwr_ex.c.obj
LOAD CMakeFiles/blink.elf.dir/Drivers/STM32L0xx_HAL_Driver/Src/stm32l0xx_hal_rcc.c.obj
LOAD CMakeFiles/blink.elf.dir/Drivers/STM32L0xx_HAL_Driver/Src/stm32l0xx_hal_rcc_ex.c.obj
LOAD CMakeFiles/blink.elf.dir/Drivers/STM32L0xx_HAL_Driver/Src/stm32l0xx_hal_rtc.c.obj
LOAD CMakeFiles/blink.elf.dir/Drivers/STM32L0xx_HAL_Driver/Src/stm32l0xx_hal_rtc_ex.c.obj
LOAD CMakeFiles/blink.elf.dir/Drivers/STM32L0xx_HAL_Driver/Src/stm32l0xx_hal_tim.c.obj
LOAD CMakeFiles/blink.elf.dir/Drivers/STM32L0xx_HAL_Driver/Src/stm32l0xx_hal_tim_ex.c.obj
START GROUP
LOAD C:/PROGRA~2/ARMGNU~1/13C7F1~1.2RE/bin/../lib/gcc/arm-none-eabi/13.2.1/thumb/v6-m/nofp\libgcc.a
LOAD C:/PROGRA~2/ARMGNU~1/13C7F1~1.2RE/bin/../lib/gcc/arm-none-eabi/13.2.1/thumb/v6-m/nofp\libg.a
LOAD C:/PROGRA~2/ARMGNU~1/13C7F1~1.2RE/bin/../lib/gcc/arm-none-eabi/13.2.1/thumb/v6-m/nofp\libc.a
END GROUP
LOAD C:/PROGRA~2/ARMGNU~1/13C7F1~1.2RE/bin/../lib/gcc/arm-none-eabi/13.2.1/thumb/v6-m/nofp/crtend.o
LOAD C:/PROGRA~2/ARMGNU~1/13C7F1~1.2RE/bin/../lib/gcc/arm-none-eabi/13.2.1/thumb/v6-m/nofp/crtn.o
                0x20005000                        _estack = (ORIGIN (RAM) + LENGTH (RAM))
                0x00000200                        _Min_Heap_Size = 0x200
                0x00000400                        _Min_Stack_Size = 0x400

.isr_vector     0x08000000       0xc0
                0x08000000                        . = ALIGN (0x4)
 *(.isr_vector)
 .isr_vector    0x08000000       0xc0 CMakeFiles/blink.elf.dir/Core/Startup/startup_stm32l071rbtx.s.obj
                0x08000000                g_pfnVectors
                0x080000c0                        . = ALIGN (0x4)

.text           0x080000c0     0x2e48
                0x080000c0                        . = ALIGN (0x4)
 *(.text)
 .text          0x080000c0      0x114 C:/PROGRA~2/ARMGNU~1/13C7F1~1.2RE/bin/../lib/gcc/arm-none-eabi/13.2.1/thumb/v6-m/nofp\libgcc.a(_udivsi3.o)
                0x080000c0                __aeabi_uidiv
                0x080000c0                __udivsi3
                0x080001cc                __aeabi_uidivmod
 .text          0x080001d4        0x4 C:/PROGRA~2/ARMGNU~1/13C7F1~1.2RE/bin/../lib/gcc/arm-none-eabi/13.2.1/thumb/v6-m/nofp\libgcc.a(_dvmd_tls.o)
                0x080001d4                __aeabi_idiv0
                0x080001d4                __aeabi_ldiv0
 .text          0x080001d8       0x40 C:/PROGRA~2/ARMGNU~1/13C7F1~1.2RE/bin/../lib/gcc/arm-none-eabi/13.2.1/thumb/v6-m/nofp\libgcc.a(_aeabi_uldivmod.o)
                0x080001d8                __aeabi_uldivmod
 .text          0x08000218       0x3c C:/PROGRA~2/ARMGNU~1/13C7F1~1.2RE/bin/../lib/gcc/arm-none-eabi/13.2.1/thumb/v6-m/nofp\libgcc.a(_clzsi2.o)
                0x08000218                __clzsi2
 .text          0x08000254       0x18 C:/PROGRA~2/ARMGNU~1/13C7F1~1.2RE/bin/../lib/gcc/arm-none-eabi/13.2.1/thumb/v6-m/nofp\libgcc.a(_clzdi2.o)
                0x08000254                __clzdi2
 *(.text*)
 .text.deregister_tm_clones
                0x0800026c       0x20 C:/PROGRA~2/ARMGNU~1/13C7F1~1.2RE/bin/../lib/gcc/arm-none-eabi/13.2.1/thumb/v6-m/nofp/crtbegin.o
 .text.register_tm_clones
                0x0800028c       0x28 C:/PROGRA~2/ARMGNU~1/13C7F1~1.2RE/bin/../lib/gcc/arm-none-eabi/13.2.1/thumb/v6-m/nofp/crtbegin.o
 .text.__do_global_dtors_aux
                0x080002b4       0x2c C:/PROGRA~2/ARMGNU~1/13C7F1~1.2RE/bin/../lib/gcc/arm-none-eabi/13.2.1/thumb/v6-m/nofp/crtbegin.o
 .text.frame_dummy
                0x080002e0       0x24 C:/PROGRA~2/ARMGNU~1/13C7F1~1.2RE/bin/../lib/gcc/arm-none-eabi/13.2.1/thumb/v6-m/nofp/crtbegin.o
 .text.INA226_getBusV
                0x08000304       0x68 CMakeFiles/blink.elf.dir/Core/Src/ina226.c.obj
                0x08000304                INA226_getBusV
 .text.setConfig
                0x0800036c       0x68 CMakeFiles/blink.elf.dir/Core/Src/ina226.c.obj
                0x0800036c                setConfig
 .text.INA226_standBy
                0x080003d4        0xa CMakeFiles/blink.elf.dir/Core/Src/ina226.c.obj
                0x080003d4                INA226_standBy
 .text.INA226_wakeUpAndSmellTheVoltage
                0x080003de        0xa CMakeFiles/blink.elf.dir/Core/Src/ina226.c.obj
                0x080003de                INA226_wakeUpAndSmellTheVoltage
 .text.MX_GPIO_Init
                0x080003e8      0x120 CMakeFiles/blink.elf.dir/Core/Src/main.c.obj
 .text.Shutdown
                0x08000508       0x24 CMakeFiles/blink.elf.dir/Core/Src/main.c.obj
                0x08000508                Shutdown
 .text.Error_Handler
                0x0800052c       0x1c CMakeFiles/blink.elf.dir/Core/Src/main.c.obj
                0x0800052c                Error_Handler
 .text.MX_RTC_Init
                0x08000548       0x44 CMakeFiles/blink.elf.dir/Core/Src/main.c.obj
 .text.MX_I2C3_Init
                0x0800058c       0x58 CMakeFiles/blink.elf.dir/Core/Src/main.c.obj
 .text.SystemClock_Config
                0x080005e4       0xa0 CMakeFiles/blink.elf.dir/Core/Src/main.c.obj
                0x080005e4                SystemClock_Config
 .text.main     0x08000684      0x108 CMakeFiles/blink.elf.dir/Core/Src/main.c.obj
                0x08000684                main
 .text.HAL_MspInit
                0x0800078c       0x1c CMakeFiles/blink.elf.dir/Core/Src/stm32l0xx_hal_msp.c.obj
                0x0800078c                HAL_MspInit
 .text.HAL_I2C_MspInit
                0x080007a8       0x5c CMakeFiles/blink.elf.dir/Core/Src/stm32l0xx_hal_msp.c.obj
                0x080007a8                HAL_I2C_MspInit
 .text.HAL_RTC_MspInit
                0x08000804       0x34 CMakeFiles/blink.elf.dir/Core/Src/stm32l0xx_hal_msp.c.obj
                0x08000804                HAL_RTC_MspInit
 .text.NMI_Handler
                0x08000838        0x2 CMakeFiles/blink.elf.dir/Core/Src/stm32l0xx_it.c.obj
                0x08000838                NMI_Handler
 .text.HardFault_Handler
                0x0800083a        0x2 CMakeFiles/blink.elf.dir/Core/Src/stm32l0xx_it.c.obj
                0x0800083a                HardFault_Handler
 .text.SVC_Handler
                0x0800083c        0x2 CMakeFiles/blink.elf.dir/Core/Src/stm32l0xx_it.c.obj
                0x0800083c                SVC_Handler
 .text.PendSV_Handler
                0x0800083e        0x2 CMakeFiles/blink.elf.dir/Core/Src/stm32l0xx_it.c.obj
                0x0800083e                PendSV_Handler
 .text.SysTick_Handler
                0x08000840        0x8 CMakeFiles/blink.elf.dir/Core/Src/stm32l0xx_it.c.obj
                0x08000840                SysTick_Handler
 .text.RTC_IRQHandler
                0x08000848       0x10 CMakeFiles/blink.elf.dir/Core/Src/stm32l0xx_it.c.obj
                0x08000848                RTC_IRQHandler
 .text.SystemInit
                0x08000858        0x2 CMakeFiles/blink.elf.dir/Core/Src/system_stm32l0xx.c.obj
                0x08000858                SystemInit
 *fill*         0x0800085a        0x2 
 .text.Reset_Handler
                0x0800085c       0x50 CMakeFiles/blink.elf.dir/Core/Startup/startup_stm32l071rbtx.s.obj
                0x0800085c                Reset_Handler
 .text.Default_Handler
                0x080008ac        0x2 CMakeFiles/blink.elf.dir/Core/Startup/startup_stm32l071rbtx.s.obj
                0x080008ac                ADC1_COMP_IRQHandler
                0x080008ac                TIM6_IRQHandler
                0x080008ac                PVD_IRQHandler
                0x080008ac                I2C1_IRQHandler
                0x080008ac                SPI1_IRQHandler
                0x080008ac                EXTI2_3_IRQHandler
                0x080008ac                I2C2_IRQHandler
                0x080008ac                DMA1_Channel4_5_6_7_IRQHandler
                0x080008ac                TIM3_IRQHandler
                0x080008ac                EXTI4_15_IRQHandler
                0x080008ac                RCC_IRQHandler
                0x080008ac                DMA1_Channel1_IRQHandler
                0x080008ac                USART4_5_IRQHandler
                0x080008ac                Default_Handler
                0x080008ac                TIM22_IRQHandler
                0x080008ac                TIM7_IRQHandler
                0x080008ac                EXTI0_1_IRQHandler
                0x080008ac                I2C3_IRQHandler
                0x080008ac                SPI2_IRQHandler
                0x080008ac                TIM21_IRQHandler
                0x080008ac                WWDG_IRQHandler
                0x080008ac                LPUART1_IRQHandler
                0x080008ac                TIM2_IRQHandler
                0x080008ac                DMA1_Channel2_3_IRQHandler
                0x080008ac                USART2_IRQHandler
                0x080008ac                FLASH_IRQHandler
                0x080008ac                USART1_IRQHandler
                0x080008ac                LPTIM1_IRQHandler
 *fill*         0x080008ae        0x2 
 .text.HAL_InitTick
                0x080008b0       0x50 CMakeFiles/blink.elf.dir/Drivers/STM32L0xx_HAL_Driver/Src/stm32l0xx_hal.c.obj
                0x080008b0                HAL_InitTick
 .text.HAL_Init
                0x08000900       0x28 CMakeFiles/blink.elf.dir/Drivers/STM32L0xx_HAL_Driver/Src/stm32l0xx_hal.c.obj
                0x08000900                HAL_Init
 .text.HAL_IncTick
                0x08000928       0x18 CMakeFiles/blink.elf.dir/Drivers/STM32L0xx_HAL_Driver/Src/stm32l0xx_hal.c.obj
                0x08000928                HAL_IncTick
 .text.HAL_GetTick
                0x08000940        0xc CMakeFiles/blink.elf.dir/Drivers/STM32L0xx_HAL_Driver/Src/stm32l0xx_hal.c.obj
                0x08000940                HAL_GetTick
 .text.HAL_Delay
                0x0800094c       0x24 CMakeFiles/blink.elf.dir/Drivers/STM32L0xx_HAL_Driver/Src/stm32l0xx_hal.c.obj
                0x0800094c                HAL_Delay
 .text.__NVIC_SetPriority
                0x08000970       0x60 CMakeFiles/blink.elf.dir/Drivers/STM32L0xx_HAL_Driver/Src/stm32l0xx_hal_cortex.c.obj
 .text.SysTick_Config
                0x080009d0       0x38 CMakeFiles/blink.elf.dir/Drivers/STM32L0xx_HAL_Driver/Src/stm32l0xx_hal_cortex.c.obj
 .text.HAL_NVIC_SetPriority
                0x08000a08        0x8 CMakeFiles/blink.elf.dir/Drivers/STM32L0xx_HAL_Driver/Src/stm32l0xx_hal_cortex.c.obj
                0x08000a08                HAL_NVIC_SetPriority
 .text.HAL_NVIC_EnableIRQ
                0x08000a10       0x18 CMakeFiles/blink.elf.dir/Drivers/STM32L0xx_HAL_Driver/Src/stm32l0xx_hal_cortex.c.obj
                0x08000a10                HAL_NVIC_EnableIRQ
 .text.HAL_SYSTICK_Config
                0x08000a28        0x8 CMakeFiles/blink.elf.dir/Drivers/STM32L0xx_HAL_Driver/Src/stm32l0xx_hal_cortex.c.obj
                0x08000a28                HAL_SYSTICK_Config
 .text.HAL_GPIO_Init
                0x08000a30      0x198 CMakeFiles/blink.elf.dir/Drivers/STM32L0xx_HAL_Driver/Src/stm32l0xx_hal_gpio.c.obj
                0x08000a30                HAL_GPIO_Init
 .text.HAL_GPIO_WritePin
                0x08000bc8        0xc CMakeFiles/blink.elf.dir/Drivers/STM32L0xx_HAL_Driver/Src/stm32l0xx_hal_gpio.c.obj
                0x08000bc8                HAL_GPIO_WritePin
 .text.HAL_GPIO_TogglePin
                0x08000bd4       0x10 CMakeFiles/blink.elf.dir/Drivers/STM32L0xx_HAL_Driver/Src/stm32l0xx_hal_gpio.c.obj
                0x08000bd4                HAL_GPIO_TogglePin
 .text.I2C_Flush_TXDR
                0x08000be4       0x1e CMakeFiles/blink.elf.dir/Drivers/STM32L0xx_HAL_Driver/Src/stm32l0xx_hal_i2c.c.obj
 *fill*         0x08000c02        0x2 
 .text.I2C_TransferConfig
                0x08000c04       0x34 CMakeFiles/blink.elf.dir/Drivers/STM32L0xx_HAL_Driver/Src/stm32l0xx_hal_i2c.c.obj
 .text.I2C_IsErrorOccurred
                0x08000c38      0x118 CMakeFiles/blink.elf.dir/Drivers/STM32L0xx_HAL_Driver/Src/stm32l0xx_hal_i2c.c.obj
 .text.I2C_WaitOnTXISFlagUntilTimeout
                0x08000d50       0x5a CMakeFiles/blink.elf.dir/Drivers/STM32L0xx_HAL_Driver/Src/stm32l0xx_hal_i2c.c.obj
 .text.I2C_WaitOnFlagUntilTimeout
                0x08000daa       0x70 CMakeFiles/blink.elf.dir/Drivers/STM32L0xx_HAL_Driver/Src/stm32l0xx_hal_i2c.c.obj
 .text.I2C_WaitOnSTOPFlagUntilTimeout
                0x08000e1a       0x5a CMakeFiles/blink.elf.dir/Drivers/STM32L0xx_HAL_Driver/Src/stm32l0xx_hal_i2c.c.obj
 .text.I2C_WaitOnRXNEFlagUntilTimeout
                0x08000e74       0xa4 CMakeFiles/blink.elf.dir/Drivers/STM32L0xx_HAL_Driver/Src/stm32l0xx_hal_i2c.c.obj
 .text.HAL_I2C_Init
                0x08000f18       0xcc CMakeFiles/blink.elf.dir/Drivers/STM32L0xx_HAL_Driver/Src/stm32l0xx_hal_i2c.c.obj
                0x08000f18                HAL_I2C_Init
 .text.HAL_I2C_Master_Transmit
                0x08000fe4      0x174 CMakeFiles/blink.elf.dir/Drivers/STM32L0xx_HAL_Driver/Src/stm32l0xx_hal_i2c.c.obj
                0x08000fe4                HAL_I2C_Master_Transmit
 .text.HAL_I2C_Master_Receive
                0x08001158      0x174 CMakeFiles/blink.elf.dir/Drivers/STM32L0xx_HAL_Driver/Src/stm32l0xx_hal_i2c.c.obj
                0x08001158                HAL_I2C_Master_Receive
 .text.HAL_I2CEx_ConfigAnalogFilter
                0x080012cc       0x58 CMakeFiles/blink.elf.dir/Drivers/STM32L0xx_HAL_Driver/Src/stm32l0xx_hal_i2c_ex.c.obj
                0x080012cc                HAL_I2CEx_ConfigAnalogFilter
 .text.HAL_I2CEx_ConfigDigitalFilter
                0x08001324       0x54 CMakeFiles/blink.elf.dir/Drivers/STM32L0xx_HAL_Driver/Src/stm32l0xx_hal_i2c_ex.c.obj
                0x08001324                HAL_I2CEx_ConfigDigitalFilter
 .text.HAL_RCC_GetSysClockFreq
                0x08001378       0xb0 CMakeFiles/blink.elf.dir/Drivers/STM32L0xx_HAL_Driver/Src/stm32l0xx_hal_rcc.c.obj
                0x08001378                HAL_RCC_GetSysClockFreq
 .text.HAL_RCC_OscConfig
                0x08001428      0x51c CMakeFiles/blink.elf.dir/Drivers/STM32L0xx_HAL_Driver/Src/stm32l0xx_hal_rcc.c.obj
                0x08001428                HAL_RCC_OscConfig
 .text.HAL_RCC_ClockConfig
                0x08001944      0x1d8 CMakeFiles/blink.elf.dir/Drivers/STM32L0xx_HAL_Driver/Src/stm32l0xx_hal_rcc.c.obj
                0x08001944                HAL_RCC_ClockConfig
 .text.HAL_RCCEx_PeriphCLKConfig
                0x08001b1c      0x1d0 CMakeFiles/blink.elf.dir/Drivers/STM32L0xx_HAL_Driver/Src/stm32l0xx_hal_rcc_ex.c.obj
                0x08001b1c                HAL_RCCEx_PeriphCLKConfig
 .text.HAL_RTC_WaitForSynchro
                0x08001cec       0x34 CMakeFiles/blink.elf.dir/Drivers/STM32L0xx_HAL_Driver/Src/stm32l0xx_hal_rtc.c.obj
                0x08001cec                HAL_RTC_WaitForSynchro
 .text.RTC_EnterInitMode
                0x08001d20       0x46 CMakeFiles/blink.elf.dir/Drivers/STM32L0xx_HAL_Driver/Src/stm32l0xx_hal_rtc.c.obj
                0x08001d20                RTC_EnterInitMode
 .text.RTC_ExitInitMode
                0x08001d66       0x2c CMakeFiles/blink.elf.dir/Drivers/STM32L0xx_HAL_Driver/Src/stm32l0xx_hal_rtc.c.obj
                0x08001d66                RTC_ExitInitMode
 *fill*         0x08001d92        0x2 
 .text.HAL_RTC_Init
                0x08001d94       0xac CMakeFiles/blink.elf.dir/Drivers/STM32L0xx_HAL_Driver/Src/stm32l0xx_hal_rtc.c.obj
                0x08001d94                HAL_RTC_Init
 .text.HAL_RTCEx_SetWakeUpTimer_IT
                0x08001e40      0x120 CMakeFiles/blink.elf.dir/Drivers/STM32L0xx_HAL_Driver/Src/stm32l0xx_hal_rtc_ex.c.obj
                0x08001e40                HAL_RTCEx_SetWakeUpTimer_IT
 .text.HAL_RTCEx_WakeUpTimerEventCallback
                0x08001f60        0x2 CMakeFiles/blink.elf.dir/Drivers/STM32L0xx_HAL_Driver/Src/stm32l0xx_hal_rtc_ex.c.obj
                0x08001f60                HAL_RTCEx_WakeUpTimerEventCallback
 *fill*         0x08001f62        0x2 
 .text.HAL_RTCEx_WakeUpTimerIRQHandler
                0x08001f64       0x3c CMakeFiles/blink.elf.dir/Drivers/STM32L0xx_HAL_Driver/Src/stm32l0xx_hal_rtc_ex.c.obj
                0x08001f64                HAL_RTCEx_WakeUpTimerIRQHandler
 .text.__muldi3
                0x08001fa0       0x5c C:/PROGRA~2/ARMGNU~1/13C7F1~1.2RE/bin/../lib/gcc/arm-none-eabi/13.2.1/thumb/v6-m/nofp\libgcc.a(_muldi3.o)
                0x08001fa0                __muldi3
                0x08001fa0                __aeabi_lmul
 .text.__udivmoddi4
                0x08001ffc      0x198 C:/PROGRA~2/ARMGNU~1/13C7F1~1.2RE/bin/../lib/gcc/arm-none-eabi/13.2.1/thumb/v6-m/nofp\libgcc.a(_udivmoddi4.o)
                0x08001ffc                __udivmoddi4
 .text.__aeabi_fdiv
                0x08002194      0x224 C:/PROGRA~2/ARMGNU~1/13C7F1~1.2RE/bin/../lib/gcc/arm-none-eabi/13.2.1/thumb/v6-m/nofp\libgcc.a(divsf3.o)
                0x08002194                __aeabi_fdiv
 .text.__aeabi_fmul
                0x080023b8      0x280 C:/PROGRA~2/ARMGNU~1/13C7F1~1.2RE/bin/../lib/gcc/arm-none-eabi/13.2.1/thumb/v6-m/nofp\libgcc.a(mulsf3.o)
                0x080023b8                __aeabi_fmul
 .text.__aeabi_f2iz
                0x08002638       0x40 C:/PROGRA~2/ARMGNU~1/13C7F1~1.2RE/bin/../lib/gcc/arm-none-eabi/13.2.1/thumb/v6-m/nofp\libgcc.a(fixsfsi.o)
                0x08002638                __aeabi_f2iz
 .text.__aeabi_i2f
                0x08002678       0x94 C:/PROGRA~2/ARMGNU~1/13C7F1~1.2RE/bin/../lib/gcc/arm-none-eabi/13.2.1/thumb/v6-m/nofp\libgcc.a(floatsisf.o)
                0x08002678                __aeabi_i2f
 .text.__aeabi_dmul
                0x0800270c      0x598 C:/PROGRA~2/ARMGNU~1/13C7F1~1.2RE/bin/../lib/gcc/arm-none-eabi/13.2.1/thumb/v6-m/nofp\libgcc.a(muldf3.o)
                0x0800270c                __aeabi_dmul
 .text.__aeabi_i2d
                0x08002ca4       0x5c C:/PROGRA~2/ARMGNU~1/13C7F1~1.2RE/bin/../lib/gcc/arm-none-eabi/13.2.1/thumb/v6-m/nofp\libgcc.a(floatsidf.o)
                0x08002ca4                __aeabi_i2d
 .text.memset   0x08002d00       0xa8 C:/PROGRA~2/ARMGNU~1/13C7F1~1.2RE/bin/../lib/gcc/arm-none-eabi/13.2.1/thumb/v6-m/nofp\libg.a(libc_a-memset.o)
                0x08002d00                memset
 .text.__libc_init_array
                0x08002da8       0x48 C:/PROGRA~2/ARMGNU~1/13C7F1~1.2RE/bin/../lib/gcc/arm-none-eabi/13.2.1/thumb/v6-m/nofp\libg.a(libc_a-init.o)
                0x08002da8                __libc_init_array
 .text.__retarget_lock_acquire_recursive
                0x08002df0        0x4 C:/PROGRA~2/ARMGNU~1/13C7F1~1.2RE/bin/../lib/gcc/arm-none-eabi/13.2.1/thumb/v6-m/nofp\libg.a(libc_a-lock.o)
                0x08002df0                __retarget_lock_acquire_recursive
 .text.__retarget_lock_release_recursive
                0x08002df4        0x4 C:/PROGRA~2/ARMGNU~1/13C7F1~1.2RE/bin/../lib/gcc/arm-none-eabi/13.2.1/thumb/v6-m/nofp\libg.a(libc_a-lock.o)
                0x08002df4                __retarget_lock_release_recursive
 .text.startup.register_fini
                0x08002df8       0x18 C:/PROGRA~2/ARMGNU~1/13C7F1~1.2RE/bin/../lib/gcc/arm-none-eabi/13.2.1/thumb/v6-m/nofp\libg.a(libc_a-__call_atexit.o)
 .text.atexit   0x08002e10       0x10 C:/PROGRA~2/ARMGNU~1/13C7F1~1.2RE/bin/../lib/gcc/arm-none-eabi/13.2.1/thumb/v6-m/nofp\libg.a(libc_a-atexit.o)
                0x08002e10                atexit
 .text.__libc_fini_array
                0x08002e20       0x28 C:/PROGRA~2/ARMGNU~1/13C7F1~1.2RE/bin/../lib/gcc/arm-none-eabi/13.2.1/thumb/v6-m/nofp\libg.a(libc_a-fini.o)
                0x08002e20                __libc_fini_array
 .text.__register_exitproc
                0x08002e48       0xa8 C:/PROGRA~2/ARMGNU~1/13C7F1~1.2RE/bin/../lib/gcc/arm-none-eabi/13.2.1/thumb/v6-m/nofp\libg.a(libc_a-__atexit.o)
                0x08002e48                __register_exitproc
 *(.glue_7)
 .glue_7        0x08002ef0        0x0 linker stubs
 *(.glue_7t)
 .glue_7t       0x08002ef0        0x0 linker stubs
 *(.eh_frame)
 .eh_frame      0x08002ef0        0x0 C:/PROGRA~2/ARMGNU~1/13C7F1~1.2RE/bin/../lib/gcc/arm-none-eabi/13.2.1/thumb/v6-m/nofp/crtbegin.o
 *(.init)
 .init          0x08002ef0        0x4 C:/PROGRA~2/ARMGNU~1/13C7F1~1.2RE/bin/../lib/gcc/arm-none-eabi/13.2.1/thumb/v6-m/nofp/crti.o
                0x08002ef0                _init
 .init          0x08002ef4        0x8 C:/PROGRA~2/ARMGNU~1/13C7F1~1.2RE/bin/../lib/gcc/arm-none-eabi/13.2.1/thumb/v6-m/nofp/crtn.o
 *(.fini)
 .fini          0x08002efc        0x4 C:/PROGRA~2/ARMGNU~1/13C7F1~1.2RE/bin/../lib/gcc/arm-none-eabi/13.2.1/thumb/v6-m/nofp/crti.o
                0x08002efc                _fini
 .fini          0x08002f00        0x8 C:/PROGRA~2/ARMGNU~1/13C7F1~1.2RE/bin/../lib/gcc/arm-none-eabi/13.2.1/thumb/v6-m/nofp/crtn.o
                0x08002f08                        . = ALIGN (0x4)
                0x08002f08                        _etext = .

.vfp11_veneer   0x08002f08        0x0
 .vfp11_veneer  0x08002f08        0x0 linker stubs

.v4_bx          0x08002f08        0x0
 .v4_bx         0x08002f08        0x0 linker stubs

.iplt           0x08002f08        0x0
 .iplt          0x08002f08        0x0 C:/PROGRA~2/ARMGNU~1/13C7F1~1.2RE/bin/../lib/gcc/arm-none-eabi/13.2.1/thumb/v6-m/nofp/crtbegin.o

.rodata         0x08002f08       0xa0
                0x08002f08                        . = ALIGN (0x4)
 *(.rodata)
 *(.rodata*)
 .rodata.INA226_getBusV.str1.4
                0x08002f08        0x5 CMakeFiles/blink.elf.dir/Core/Src/ina226.c.obj
                                  0x2 (size before relaxing)
 .rodata.setConfig.str1.4
                0x08002f0d        0x1 CMakeFiles/blink.elf.dir/Core/Src/ina226.c.obj
 *fill*         0x08002f0d        0x3 
 .rodata.PLLMulTable
                0x08002f10        0x9 CMakeFiles/blink.elf.dir/Core/Src/system_stm32l0xx.c.obj
                0x08002f10                PLLMulTable
 *fill*         0x08002f19        0x3 
 .rodata.AHBPrescTable
                0x08002f1c       0x10 CMakeFiles/blink.elf.dir/Core/Src/system_stm32l0xx.c.obj
                0x08002f1c                AHBPrescTable
 .rodata.__aeabi_fdiv
                0x08002f2c       0x7c C:/PROGRA~2/ARMGNU~1/13C7F1~1.2RE/bin/../lib/gcc/arm-none-eabi/13.2.1/thumb/v6-m/nofp\libgcc.a(divsf3.o)
                0x08002fa8                        . = ALIGN (0x4)

.ARM.extab      0x08002fa8        0x0
                0x08002fa8                        . = ALIGN (0x4)
 *(.ARM.extab* .gnu.linkonce.armextab.*)
                0x08002fa8                        . = ALIGN (0x4)

.ARM            0x08002fa8        0x8
                0x08002fa8                        . = ALIGN (0x4)
                0x08002fa8                        __exidx_start = .
 *(.ARM.exidx*)
 .ARM.exidx.text.__udivmoddi4
                0x08002fa8        0x8 C:/PROGRA~2/ARMGNU~1/13C7F1~1.2RE/bin/../lib/gcc/arm-none-eabi/13.2.1/thumb/v6-m/nofp\libgcc.a(_udivmoddi4.o)
                0x08002fb0                        __exidx_end = .
                0x08002fb0                        . = ALIGN (0x4)

.preinit_array  0x08002fb0        0x0
                0x08002fb0                        . = ALIGN (0x4)
                0x08002fb0                        PROVIDE (__preinit_array_start = .)
 *(.preinit_array*)
                0x08002fb0                        PROVIDE (__preinit_array_end = .)
                0x08002fb0                        . = ALIGN (0x4)

.init_array     0x08002fb0        0x8
                0x08002fb0                        . = ALIGN (0x4)
                0x08002fb0                        PROVIDE (__init_array_start = .)
 *(SORT_BY_NAME(.init_array.*))
 .init_array.00000
                0x08002fb0        0x4 C:/PROGRA~2/ARMGNU~1/13C7F1~1.2RE/bin/../lib/gcc/arm-none-eabi/13.2.1/thumb/v6-m/nofp\libg.a(libc_a-__call_atexit.o)
 *(.init_array*)
 .init_array    0x08002fb4        0x4 C:/PROGRA~2/ARMGNU~1/13C7F1~1.2RE/bin/../lib/gcc/arm-none-eabi/13.2.1/thumb/v6-m/nofp/crtbegin.o
                0x08002fb8                        PROVIDE (__init_array_end = .)
                0x08002fb8                        . = ALIGN (0x4)

.fini_array     0x08002fb8        0x4
                0x08002fb8                        . = ALIGN (0x4)
                0x08002fb8                        PROVIDE (__fini_array_start = .)
 *(SORT_BY_NAME(.fini_array.*))
 *(.fini_array*)
 .fini_array    0x08002fb8        0x4 C:/PROGRA~2/ARMGNU~1/13C7F1~1.2RE/bin/../lib/gcc/arm-none-eabi/13.2.1/thumb/v6-m/nofp/crtbegin.o
                0x08002fbc                        PROVIDE (__fini_array_end = .)
                0x08002fbc                        . = ALIGN (0x4)
                0x08002fbc                        _sidata = LOADADDR (.data)

.rel.dyn        0x08002fbc        0x0
 .rel.iplt      0x08002fbc        0x0 C:/PROGRA~2/ARMGNU~1/13C7F1~1.2RE/bin/../lib/gcc/arm-none-eabi/13.2.1/thumb/v6-m/nofp/crtbegin.o

.data           0x20000000       0x10 load address 0x08002fbc
                0x20000000                        . = ALIGN (0x4)
                0x20000000                        _sdata = .
 *(.data)
 *(.data*)
 .data.SystemCoreClock
                0x20000000        0x4 CMakeFiles/blink.elf.dir/Core/Src/system_stm32l0xx.c.obj
                0x20000000                SystemCoreClock
 .data.uwTickFreq
                0x20000004        0x1 CMakeFiles/blink.elf.dir/Drivers/STM32L0xx_HAL_Driver/Src/stm32l0xx_hal.c.obj
                0x20000004                uwTickFreq
 *fill*         0x20000005        0x3 
 .data.uwTickPrio
                0x20000008        0x4 CMakeFiles/blink.elf.dir/Drivers/STM32L0xx_HAL_Driver/Src/stm32l0xx_hal.c.obj
                0x20000008                uwTickPrio
 .data.__atexit_recursive_mutex
                0x2000000c        0x4 C:/PROGRA~2/ARMGNU~1/13C7F1~1.2RE/bin/../lib/gcc/arm-none-eabi/13.2.1/thumb/v6-m/nofp\libg.a(libc_a-__call_atexit.o)
                0x2000000c                __atexit_recursive_mutex
 *(.RamFunc)
 *(.RamFunc*)
                0x20000010                        . = ALIGN (0x4)
                0x20000010                        _edata = .

.tm_clone_table
                0x20000010        0x0 load address 0x08002fcc
 .tm_clone_table
                0x20000010        0x0 C:/PROGRA~2/ARMGNU~1/13C7F1~1.2RE/bin/../lib/gcc/arm-none-eabi/13.2.1/thumb/v6-m/nofp/crtbegin.o
 .tm_clone_table
                0x20000010        0x0 C:/PROGRA~2/ARMGNU~1/13C7F1~1.2RE/bin/../lib/gcc/arm-none-eabi/13.2.1/thumb/v6-m/nofp/crtend.o

.igot.plt       0x20000010        0x0 load address 0x08002fcc
 .igot.plt      0x20000010        0x0 C:/PROGRA~2/ARMGNU~1/13C7F1~1.2RE/bin/../lib/gcc/arm-none-eabi/13.2.1/thumb/v6-m/nofp/crtbegin.o
                0x20000010                        . = ALIGN (0x4)

.bss            0x20000010      0x230 load address 0x08002fcc
                0x20000010                        _sbss = .
                0x20000010                        __bss_start__ = _sbss
 *(.bss)
 *(.bss*)
 .bss.completed.1
                0x20000010        0x1 C:/PROGRA~2/ARMGNU~1/13C7F1~1.2RE/bin/../lib/gcc/arm-none-eabi/13.2.1/thumb/v6-m/nofp/crtbegin.o
 *fill*         0x20000011        0x3 
 .bss.object.0  0x20000014       0x18 C:/PROGRA~2/ARMGNU~1/13C7F1~1.2RE/bin/../lib/gcc/arm-none-eabi/13.2.1/thumb/v6-m/nofp/crtbegin.o
 .bss.hrtc      0x2000002c       0x24 CMakeFiles/blink.elf.dir/Core/Src/main.c.obj
                0x2000002c                hrtc
 .bss.hi2c3     0x20000050       0x54 CMakeFiles/blink.elf.dir/Core/Src/main.c.obj
                0x20000050                hi2c3
 .bss.uwTick    0x200000a4        0x4 CMakeFiles/blink.elf.dir/Drivers/STM32L0xx_HAL_Driver/Src/stm32l0xx_hal.c.obj
                0x200000a4                uwTick
 .bss.__lock___atexit_recursive_mutex
                0x200000a8        0x1 C:/PROGRA~2/ARMGNU~1/13C7F1~1.2RE/bin/../lib/gcc/arm-none-eabi/13.2.1/thumb/v6-m/nofp\libg.a(libc_a-lock.o)
                0x200000a8                __lock___atexit_recursive_mutex
 *fill*         0x200000a9        0x3 
 .bss.__atexit  0x200000ac        0x4 C:/PROGRA~2/ARMGNU~1/13C7F1~1.2RE/bin/../lib/gcc/arm-none-eabi/13.2.1/thumb/v6-m/nofp\libg.a(libc_a-__call_atexit.o)
                0x200000ac                __atexit
 .bss.__atexit0
                0x200000b0      0x190 C:/PROGRA~2/ARMGNU~1/13C7F1~1.2RE/bin/../lib/gcc/arm-none-eabi/13.2.1/thumb/v6-m/nofp\libg.a(libc_a-__atexit.o)
                0x200000b0                __atexit0
 *(COMMON)
                0x20000240                        . = ALIGN (0x4)
                0x20000240                        _ebss = .
                0x20000240                        __bss_end__ = _ebss

._user_heap_stack
                0x20000240      0x600 load address 0x08002fcc
                0x20000240                        . = ALIGN (0x8)
                [!provide]                        PROVIDE (end = .)
                0x20000240                        PROVIDE (_end = .)
                0x20000440                        . = (. + _Min_Heap_Size)
 *fill*         0x20000240      0x200 
                0x20000840                        . = (. + _Min_Stack_Size)
 *fill*         0x20000440      0x400 
                0x20000840                        . = ALIGN (0x8)

/DISCARD/
 libc.a(*)
 libm.a(*)
 libgcc.a(*)

.ARM.attributes
                0x00000000       0x28
 *(.ARM.attributes)
 .ARM.attributes
                0x00000000       0x1e C:/PROGRA~2/ARMGNU~1/13C7F1~1.2RE/bin/../lib/gcc/arm-none-eabi/13.2.1/thumb/v6-m/nofp/crti.o
 .ARM.attributes
                0x0000001e       0x2c C:/PROGRA~2/ARMGNU~1/13C7F1~1.2RE/bin/../lib/gcc/arm-none-eabi/13.2.1/thumb/v6-m/nofp/crtbegin.o
 .ARM.attributes
                0x0000004a       0x2c CMakeFiles/blink.elf.dir/Core/Src/ina226.c.obj
 .ARM.attributes
                0x00000076       0x2c CMakeFiles/blink.elf.dir/Core/Src/main.c.obj
 .ARM.attributes
                0x000000a2       0x2c CMakeFiles/blink.elf.dir/Core/Src/stm32l0xx_hal_msp.c.obj
 .ARM.attributes
                0x000000ce       0x2c CMakeFiles/blink.elf.dir/Core/Src/stm32l0xx_it.c.obj
 .ARM.attributes
                0x000000fa       0x2c CMakeFiles/blink.elf.dir/Core/Src/system_stm32l0xx.c.obj
 .ARM.attributes
                0x00000126       0x22 CMakeFiles/blink.elf.dir/Core/Startup/startup_stm32l071rbtx.s.obj
 .ARM.attributes
                0x00000148       0x2c CMakeFiles/blink.elf.dir/Drivers/STM32L0xx_HAL_Driver/Src/stm32l0xx_hal.c.obj
 .ARM.attributes
                0x00000174       0x2c CMakeFiles/blink.elf.dir/Drivers/STM32L0xx_HAL_Driver/Src/stm32l0xx_hal_cortex.c.obj
 .ARM.attributes
                0x000001a0       0x2c CMakeFiles/blink.elf.dir/Drivers/STM32L0xx_HAL_Driver/Src/stm32l0xx_hal_gpio.c.obj
 .ARM.attributes
                0x000001cc       0x2c CMakeFiles/blink.elf.dir/Drivers/STM32L0xx_HAL_Driver/Src/stm32l0xx_hal_i2c.c.obj
 .ARM.attributes
                0x000001f8       0x2c CMakeFiles/blink.elf.dir/Drivers/STM32L0xx_HAL_Driver/Src/stm32l0xx_hal_i2c_ex.c.obj
 .ARM.attributes
                0x00000224       0x2c CMakeFiles/blink.elf.dir/Drivers/STM32L0xx_HAL_Driver/Src/stm32l0xx_hal_rcc.c.obj
 .ARM.attributes
                0x00000250       0x2c CMakeFiles/blink.elf.dir/Drivers/STM32L0xx_HAL_Driver/Src/stm32l0xx_hal_rcc_ex.c.obj
 .ARM.attributes
                0x0000027c       0x2c CMakeFiles/blink.elf.dir/Drivers/STM32L0xx_HAL_Driver/Src/stm32l0xx_hal_rtc.c.obj
 .ARM.attributes
                0x000002a8       0x2c CMakeFiles/blink.elf.dir/Drivers/STM32L0xx_HAL_Driver/Src/stm32l0xx_hal_rtc_ex.c.obj
 .ARM.attributes
                0x000002d4       0x1e C:/PROGRA~2/ARMGNU~1/13C7F1~1.2RE/bin/../lib/gcc/arm-none-eabi/13.2.1/thumb/v6-m/nofp\libgcc.a(_udivsi3.o)
 .ARM.attributes
                0x000002f2       0x1e C:/PROGRA~2/ARMGNU~1/13C7F1~1.2RE/bin/../lib/gcc/arm-none-eabi/13.2.1/thumb/v6-m/nofp\libgcc.a(_dvmd_tls.o)
 .ARM.attributes
                0x00000310       0x1e C:/PROGRA~2/ARMGNU~1/13C7F1~1.2RE/bin/../lib/gcc/arm-none-eabi/13.2.1/thumb/v6-m/nofp\libgcc.a(_aeabi_uldivmod.o)
 .ARM.attributes
                0x0000032e       0x2c C:/PROGRA~2/ARMGNU~1/13C7F1~1.2RE/bin/../lib/gcc/arm-none-eabi/13.2.1/thumb/v6-m/nofp\libgcc.a(_muldi3.o)
 .ARM.attributes
                0x0000035a       0x2c C:/PROGRA~2/ARMGNU~1/13C7F1~1.2RE/bin/../lib/gcc/arm-none-eabi/13.2.1/thumb/v6-m/nofp\libgcc.a(_udivmoddi4.o)
 .ARM.attributes
                0x00000386       0x2c C:/PROGRA~2/ARMGNU~1/13C7F1~1.2RE/bin/../lib/gcc/arm-none-eabi/13.2.1/thumb/v6-m/nofp\libgcc.a(divsf3.o)
 .ARM.attributes
                0x000003b2       0x2c C:/PROGRA~2/ARMGNU~1/13C7F1~1.2RE/bin/../lib/gcc/arm-none-eabi/13.2.1/thumb/v6-m/nofp\libgcc.a(mulsf3.o)
 .ARM.attributes
                0x000003de       0x2c C:/PROGRA~2/ARMGNU~1/13C7F1~1.2RE/bin/../lib/gcc/arm-none-eabi/13.2.1/thumb/v6-m/nofp\libgcc.a(fixsfsi.o)
 .ARM.attributes
                0x0000040a       0x2c C:/PROGRA~2/ARMGNU~1/13C7F1~1.2RE/bin/../lib/gcc/arm-none-eabi/13.2.1/thumb/v6-m/nofp\libgcc.a(floatsisf.o)
 .ARM.attributes
                0x00000436       0x2c C:/PROGRA~2/ARMGNU~1/13C7F1~1.2RE/bin/../lib/gcc/arm-none-eabi/13.2.1/thumb/v6-m/nofp\libgcc.a(muldf3.o)
 .ARM.attributes
                0x00000462       0x2c C:/PROGRA~2/ARMGNU~1/13C7F1~1.2RE/bin/../lib/gcc/arm-none-eabi/13.2.1/thumb/v6-m/nofp\libgcc.a(floatsidf.o)
 .ARM.attributes
                0x0000048e       0x1e C:/PROGRA~2/ARMGNU~1/13C7F1~1.2RE/bin/../lib/gcc/arm-none-eabi/13.2.1/thumb/v6-m/nofp\libgcc.a(_clzsi2.o)
 .ARM.attributes
                0x000004ac       0x1e C:/PROGRA~2/ARMGNU~1/13C7F1~1.2RE/bin/../lib/gcc/arm-none-eabi/13.2.1/thumb/v6-m/nofp\libgcc.a(_clzdi2.o)
 .ARM.attributes
                0x000004ca       0x2c C:/PROGRA~2/ARMGNU~1/13C7F1~1.2RE/bin/../lib/gcc/arm-none-eabi/13.2.1/thumb/v6-m/nofp\libg.a(libc_a-memset.o)
 .ARM.attributes
                0x000004f6       0x2c C:/PROGRA~2/ARMGNU~1/13C7F1~1.2RE/bin/../lib/gcc/arm-none-eabi/13.2.1/thumb/v6-m/nofp\libg.a(libc_a-init.o)
 .ARM.attributes
                0x00000522       0x2c C:/PROGRA~2/ARMGNU~1/13C7F1~1.2RE/bin/../lib/gcc/arm-none-eabi/13.2.1/thumb/v6-m/nofp\libg.a(libc_a-lock.o)
 .ARM.attributes
                0x0000054e       0x2c C:/PROGRA~2/ARMGNU~1/13C7F1~1.2RE/bin/../lib/gcc/arm-none-eabi/13.2.1/thumb/v6-m/nofp\libg.a(libc_a-__call_atexit.o)
 .ARM.attributes
                0x0000057a       0x2c C:/PROGRA~2/ARMGNU~1/13C7F1~1.2RE/bin/../lib/gcc/arm-none-eabi/13.2.1/thumb/v6-m/nofp\libg.a(libc_a-atexit.o)
 .ARM.attributes
                0x000005a6       0x2c C:/PROGRA~2/ARMGNU~1/13C7F1~1.2RE/bin/../lib/gcc/arm-none-eabi/13.2.1/thumb/v6-m/nofp\libg.a(libc_a-fini.o)
 .ARM.attributes
                0x000005d2       0x2c C:/PROGRA~2/ARMGNU~1/13C7F1~1.2RE/bin/../lib/gcc/arm-none-eabi/13.2.1/thumb/v6-m/nofp\libg.a(libc_a-__atexit.o)
 .ARM.attributes
                0x000005fe       0x2c C:/PROGRA~2/ARMGNU~1/13C7F1~1.2RE/bin/../lib/gcc/arm-none-eabi/13.2.1/thumb/v6-m/nofp/crtend.o
 .ARM.attributes
                0x0000062a       0x1e C:/PROGRA~2/ARMGNU~1/13C7F1~1.2RE/bin/../lib/gcc/arm-none-eabi/13.2.1/thumb/v6-m/nofp/crtn.o
OUTPUT(blink.elf elf32-littlearm)
LOAD linker stubs
LOAD C:/PROGRA~2/ARMGNU~1/13C7F1~1.2RE/bin/../lib/gcc/arm-none-eabi/13.2.1/thumb/v6-m/nofp\libc.a
LOAD C:/PROGRA~2/ARMGNU~1/13C7F1~1.2RE/bin/../lib/gcc/arm-none-eabi/13.2.1/thumb/v6-m/nofp\libm.a
LOAD C:/PROGRA~2/ARMGNU~1/13C7F1~1.2RE/bin/../lib/gcc/arm-none-eabi/13.2.1/thumb/v6-m/nofp\libgcc.a

.debug_info     0x00000000     0xc7d3
 .debug_info    0x00000000      0x91d CMakeFiles/blink.elf.dir/Core/Src/ina226.c.obj
 .debug_info    0x0000091d     0x1621 CMakeFiles/blink.elf.dir/Core/Src/main.c.obj
 .debug_info    0x00001f3e      0xd0d CMakeFiles/blink.elf.dir/Core/Src/stm32l0xx_hal_msp.c.obj
 .debug_info    0x00002c4b      0x38a CMakeFiles/blink.elf.dir/Core/Src/stm32l0xx_it.c.obj
 .debug_info    0x00002fd5      0x309 CMakeFiles/blink.elf.dir/Core/Src/system_stm32l0xx.c.obj
 .debug_info    0x000032de       0x30 CMakeFiles/blink.elf.dir/Core/Startup/startup_stm32l071rbtx.s.obj
 .debug_info    0x0000330e      0x915 CMakeFiles/blink.elf.dir/Drivers/STM32L0xx_HAL_Driver/Src/stm32l0xx_hal.c.obj
 .debug_info    0x00003c23      0x9ad CMakeFiles/blink.elf.dir/Drivers/STM32L0xx_HAL_Driver/Src/stm32l0xx_hal_cortex.c.obj
 .debug_info    0x000045d0      0x65e CMakeFiles/blink.elf.dir/Drivers/STM32L0xx_HAL_Driver/Src/stm32l0xx_hal_gpio.c.obj
 .debug_info    0x00004c2e     0x409d CMakeFiles/blink.elf.dir/Drivers/STM32L0xx_HAL_Driver/Src/stm32l0xx_hal_i2c.c.obj
 .debug_info    0x00008ccb      0x8a1 CMakeFiles/blink.elf.dir/Drivers/STM32L0xx_HAL_Driver/Src/stm32l0xx_hal_i2c_ex.c.obj
 .debug_info    0x0000956c      0xca1 CMakeFiles/blink.elf.dir/Drivers/STM32L0xx_HAL_Driver/Src/stm32l0xx_hal_rcc.c.obj
 .debug_info    0x0000a20d      0x556 CMakeFiles/blink.elf.dir/Drivers/STM32L0xx_HAL_Driver/Src/stm32l0xx_hal_rcc_ex.c.obj
 .debug_info    0x0000a763      0xf33 CMakeFiles/blink.elf.dir/Drivers/STM32L0xx_HAL_Driver/Src/stm32l0xx_hal_rtc.c.obj
 .debug_info    0x0000b696     0x113d CMakeFiles/blink.elf.dir/Drivers/STM32L0xx_HAL_Driver/Src/stm32l0xx_hal_rtc_ex.c.obj

.debug_abbrev   0x00000000     0x1ee0
 .debug_abbrev  0x00000000      0x1f9 CMakeFiles/blink.elf.dir/Core/Src/ina226.c.obj
 .debug_abbrev  0x000001f9      0x33d CMakeFiles/blink.elf.dir/Core/Src/main.c.obj
 .debug_abbrev  0x00000536      0x1f5 CMakeFiles/blink.elf.dir/Core/Src/stm32l0xx_hal_msp.c.obj
 .debug_abbrev  0x0000072b      0x153 CMakeFiles/blink.elf.dir/Core/Src/stm32l0xx_it.c.obj
 .debug_abbrev  0x0000087e      0x136 CMakeFiles/blink.elf.dir/Core/Src/system_stm32l0xx.c.obj
 .debug_abbrev  0x000009b4       0x24 CMakeFiles/blink.elf.dir/Core/Startup/startup_stm32l071rbtx.s.obj
 .debug_abbrev  0x000009d8      0x2a2 CMakeFiles/blink.elf.dir/Drivers/STM32L0xx_HAL_Driver/Src/stm32l0xx_hal.c.obj
 .debug_abbrev  0x00000c7a      0x2f9 CMakeFiles/blink.elf.dir/Drivers/STM32L0xx_HAL_Driver/Src/stm32l0xx_hal_cortex.c.obj
 .debug_abbrev  0x00000f73      0x1e6 CMakeFiles/blink.elf.dir/Drivers/STM32L0xx_HAL_Driver/Src/stm32l0xx_hal_gpio.c.obj
 .debug_abbrev  0x00001159      0x2a9 CMakeFiles/blink.elf.dir/Drivers/STM32L0xx_HAL_Driver/Src/stm32l0xx_hal_i2c.c.obj
 .debug_abbrev  0x00001402      0x1bd CMakeFiles/blink.elf.dir/Drivers/STM32L0xx_HAL_Driver/Src/stm32l0xx_hal_i2c_ex.c.obj
 .debug_abbrev  0x000015bf      0x2d5 CMakeFiles/blink.elf.dir/Drivers/STM32L0xx_HAL_Driver/Src/stm32l0xx_hal_rcc.c.obj
 .debug_abbrev  0x00001894      0x1dd CMakeFiles/blink.elf.dir/Drivers/STM32L0xx_HAL_Driver/Src/stm32l0xx_hal_rcc_ex.c.obj
 .debug_abbrev  0x00001a71      0x224 CMakeFiles/blink.elf.dir/Drivers/STM32L0xx_HAL_Driver/Src/stm32l0xx_hal_rtc.c.obj
 .debug_abbrev  0x00001c95      0x24b CMakeFiles/blink.elf.dir/Drivers/STM32L0xx_HAL_Driver/Src/stm32l0xx_hal_rtc_ex.c.obj

.debug_loclists
                0x00000000     0x65a2
 .debug_loclists
                0x00000000      0x154 CMakeFiles/blink.elf.dir/Core/Src/ina226.c.obj
 .debug_loclists
                0x00000154       0x75 CMakeFiles/blink.elf.dir/Core/Src/main.c.obj
 .debug_loclists
                0x000001c9       0xe3 CMakeFiles/blink.elf.dir/Core/Src/stm32l0xx_hal_msp.c.obj
 .debug_loclists
                0x000002ac      0x127 CMakeFiles/blink.elf.dir/Core/Src/system_stm32l0xx.c.obj
 .debug_loclists
                0x000003d3      0x105 CMakeFiles/blink.elf.dir/Drivers/STM32L0xx_HAL_Driver/Src/stm32l0xx_hal.c.obj
 .debug_loclists
                0x000004d8      0x225 CMakeFiles/blink.elf.dir/Drivers/STM32L0xx_HAL_Driver/Src/stm32l0xx_hal_cortex.c.obj
 .debug_loclists
                0x000006fd      0x2af CMakeFiles/blink.elf.dir/Drivers/STM32L0xx_HAL_Driver/Src/stm32l0xx_hal_gpio.c.obj
 .debug_loclists
                0x000009ac     0x3ac9 CMakeFiles/blink.elf.dir/Drivers/STM32L0xx_HAL_Driver/Src/stm32l0xx_hal_i2c.c.obj
 .debug_loclists
                0x00004475      0x19c CMakeFiles/blink.elf.dir/Drivers/STM32L0xx_HAL_Driver/Src/stm32l0xx_hal_i2c_ex.c.obj
 .debug_loclists
                0x00004611      0x4c7 CMakeFiles/blink.elf.dir/Drivers/STM32L0xx_HAL_Driver/Src/stm32l0xx_hal_rcc.c.obj
 .debug_loclists
                0x00004ad8      0x33d CMakeFiles/blink.elf.dir/Drivers/STM32L0xx_HAL_Driver/Src/stm32l0xx_hal_rcc_ex.c.obj
 .debug_loclists
                0x00004e15      0xa98 CMakeFiles/blink.elf.dir/Drivers/STM32L0xx_HAL_Driver/Src/stm32l0xx_hal_rtc.c.obj
 .debug_loclists
                0x000058ad      0xcf5 CMakeFiles/blink.elf.dir/Drivers/STM32L0xx_HAL_Driver/Src/stm32l0xx_hal_rtc_ex.c.obj

.debug_aranges  0x00000000      0x950
 .debug_aranges
                0x00000000       0x38 CMakeFiles/blink.elf.dir/Core/Src/ina226.c.obj
 .debug_aranges
                0x00000038       0x50 CMakeFiles/blink.elf.dir/Core/Src/main.c.obj
 .debug_aranges
                0x00000088       0x40 CMakeFiles/blink.elf.dir/Core/Src/stm32l0xx_hal_msp.c.obj
 .debug_aranges
                0x000000c8       0x48 CMakeFiles/blink.elf.dir/Core/Src/stm32l0xx_it.c.obj
 .debug_aranges
                0x00000110       0x28 CMakeFiles/blink.elf.dir/Core/Src/system_stm32l0xx.c.obj
 .debug_aranges
                0x00000138       0x28 CMakeFiles/blink.elf.dir/Core/Startup/startup_stm32l071rbtx.s.obj
 .debug_aranges
                0x00000160      0x110 CMakeFiles/blink.elf.dir/Drivers/STM32L0xx_HAL_Driver/Src/stm32l0xx_hal.c.obj
 .debug_aranges
                0x00000270       0xb0 CMakeFiles/blink.elf.dir/Drivers/STM32L0xx_HAL_Driver/Src/stm32l0xx_hal_cortex.c.obj
 .debug_aranges
                0x00000320       0x58 CMakeFiles/blink.elf.dir/Drivers/STM32L0xx_HAL_Driver/Src/stm32l0xx_hal_gpio.c.obj
 .debug_aranges
                0x00000378      0x2a0 CMakeFiles/blink.elf.dir/Drivers/STM32L0xx_HAL_Driver/Src/stm32l0xx_hal_i2c.c.obj
 .debug_aranges
                0x00000618       0x48 CMakeFiles/blink.elf.dir/Drivers/STM32L0xx_HAL_Driver/Src/stm32l0xx_hal_i2c_ex.c.obj
 .debug_aranges
                0x00000660       0x80 CMakeFiles/blink.elf.dir/Drivers/STM32L0xx_HAL_Driver/Src/stm32l0xx_hal_rcc.c.obj
 .debug_aranges
                0x000006e0       0x58 CMakeFiles/blink.elf.dir/Drivers/STM32L0xx_HAL_Driver/Src/stm32l0xx_hal_rcc_ex.c.obj
 .debug_aranges
                0x00000738       0xe8 CMakeFiles/blink.elf.dir/Drivers/STM32L0xx_HAL_Driver/Src/stm32l0xx_hal_rtc.c.obj
 .debug_aranges
                0x00000820      0x130 CMakeFiles/blink.elf.dir/Drivers/STM32L0xx_HAL_Driver/Src/stm32l0xx_hal_rtc_ex.c.obj

.debug_rnglists
                0x00000000      0x724
 .debug_rnglists
                0x00000000       0x25 CMakeFiles/blink.elf.dir/Core/Src/ina226.c.obj
 .debug_rnglists
                0x00000025       0x3a CMakeFiles/blink.elf.dir/Core/Src/main.c.obj
 .debug_rnglists
                0x0000005f       0x2b CMakeFiles/blink.elf.dir/Core/Src/stm32l0xx_hal_msp.c.obj
 .debug_rnglists
                0x0000008a       0x31 CMakeFiles/blink.elf.dir/Core/Src/stm32l0xx_it.c.obj
 .debug_rnglists
                0x000000bb       0x1a CMakeFiles/blink.elf.dir/Core/Src/system_stm32l0xx.c.obj
 .debug_rnglists
                0x000000d5       0x19 CMakeFiles/blink.elf.dir/Core/Startup/startup_stm32l071rbtx.s.obj
 .debug_rnglists
                0x000000ee       0xc7 CMakeFiles/blink.elf.dir/Drivers/STM32L0xx_HAL_Driver/Src/stm32l0xx_hal.c.obj
 .debug_rnglists
                0x000001b5       0x8b CMakeFiles/blink.elf.dir/Drivers/STM32L0xx_HAL_Driver/Src/stm32l0xx_hal_cortex.c.obj
 .debug_rnglists
                0x00000240       0x3f CMakeFiles/blink.elf.dir/Drivers/STM32L0xx_HAL_Driver/Src/stm32l0xx_hal_gpio.c.obj
 .debug_rnglists
                0x0000027f      0x21d CMakeFiles/blink.elf.dir/Drivers/STM32L0xx_HAL_Driver/Src/stm32l0xx_hal_i2c.c.obj
 .debug_rnglists
                0x0000049c       0x31 CMakeFiles/blink.elf.dir/Drivers/STM32L0xx_HAL_Driver/Src/stm32l0xx_hal_i2c_ex.c.obj
 .debug_rnglists
                0x000004cd       0x7e CMakeFiles/blink.elf.dir/Drivers/STM32L0xx_HAL_Driver/Src/stm32l0xx_hal_rcc.c.obj
 .debug_rnglists
                0x0000054b       0x3f CMakeFiles/blink.elf.dir/Drivers/STM32L0xx_HAL_Driver/Src/stm32l0xx_hal_rcc_ex.c.obj
 .debug_rnglists
                0x0000058a       0xb1 CMakeFiles/blink.elf.dir/Drivers/STM32L0xx_HAL_Driver/Src/stm32l0xx_hal_rtc.c.obj
 .debug_rnglists
                0x0000063b       0xe9 CMakeFiles/blink.elf.dir/Drivers/STM32L0xx_HAL_Driver/Src/stm32l0xx_hal_rtc_ex.c.obj

.debug_line     0x00000000     0xb8f9
 .debug_line    0x00000000      0x339 CMakeFiles/blink.elf.dir/Core/Src/ina226.c.obj
 .debug_line    0x00000339      0x7a3 CMakeFiles/blink.elf.dir/Core/Src/main.c.obj
 .debug_line    0x00000adc      0x382 CMakeFiles/blink.elf.dir/Core/Src/stm32l0xx_hal_msp.c.obj
 .debug_line    0x00000e5e      0x2b7 CMakeFiles/blink.elf.dir/Core/Src/stm32l0xx_it.c.obj
 .debug_line    0x00001115      0x29a CMakeFiles/blink.elf.dir/Core/Src/system_stm32l0xx.c.obj
 .debug_line    0x000013af       0x7b CMakeFiles/blink.elf.dir/Core/Startup/startup_stm32l071rbtx.s.obj
 .debug_line    0x0000142a      0x6d9 CMakeFiles/blink.elf.dir/Drivers/STM32L0xx_HAL_Driver/Src/stm32l0xx_hal.c.obj
 .debug_line    0x00001b03      0x733 CMakeFiles/blink.elf.dir/Drivers/STM32L0xx_HAL_Driver/Src/stm32l0xx_hal_cortex.c.obj
 .debug_line    0x00002236      0x734 CMakeFiles/blink.elf.dir/Drivers/STM32L0xx_HAL_Driver/Src/stm32l0xx_hal_gpio.c.obj
 .debug_line    0x0000296a     0x4d3e CMakeFiles/blink.elf.dir/Drivers/STM32L0xx_HAL_Driver/Src/stm32l0xx_hal_i2c.c.obj
 .debug_line    0x000076a8      0x44a CMakeFiles/blink.elf.dir/Drivers/STM32L0xx_HAL_Driver/Src/stm32l0xx_hal_i2c_ex.c.obj
 .debug_line    0x00007af2      0xeeb CMakeFiles/blink.elf.dir/Drivers/STM32L0xx_HAL_Driver/Src/stm32l0xx_hal_rcc.c.obj
 .debug_line    0x000089dd      0x835 CMakeFiles/blink.elf.dir/Drivers/STM32L0xx_HAL_Driver/Src/stm32l0xx_hal_rcc_ex.c.obj
 .debug_line    0x00009212     0x11b7 CMakeFiles/blink.elf.dir/Drivers/STM32L0xx_HAL_Driver/Src/stm32l0xx_hal_rtc.c.obj
 .debug_line    0x0000a3c9     0x1530 CMakeFiles/blink.elf.dir/Drivers/STM32L0xx_HAL_Driver/Src/stm32l0xx_hal_rtc_ex.c.obj

.debug_str      0x00000000     0x311c
 .debug_str     0x00000000     0x311c CMakeFiles/blink.elf.dir/Core/Src/ina226.c.obj
                                0x7df (size before relaxing)
 .debug_str     0x0000311c      0xdc6 CMakeFiles/blink.elf.dir/Core/Src/main.c.obj
 .debug_str     0x0000311c      0xbce CMakeFiles/blink.elf.dir/Core/Src/stm32l0xx_hal_msp.c.obj
 .debug_str     0x0000311c      0x429 CMakeFiles/blink.elf.dir/Core/Src/stm32l0xx_it.c.obj
 .debug_str     0x0000311c      0x329 CMakeFiles/blink.elf.dir/Core/Src/system_stm32l0xx.c.obj
 .debug_str     0x0000311c       0xbd CMakeFiles/blink.elf.dir/Core/Startup/startup_stm32l071rbtx.s.obj
 .debug_str     0x0000311c      0x8d8 CMakeFiles/blink.elf.dir/Drivers/STM32L0xx_HAL_Driver/Src/stm32l0xx_hal.c.obj
 .debug_str     0x0000311c      0x77c CMakeFiles/blink.elf.dir/Drivers/STM32L0xx_HAL_Driver/Src/stm32l0xx_hal_cortex.c.obj
 .debug_str     0x0000311c      0x4a9 CMakeFiles/blink.elf.dir/Drivers/STM32L0xx_HAL_Driver/Src/stm32l0xx_hal_gpio.c.obj
 .debug_str     0x0000311c     0x1028 CMakeFiles/blink.elf.dir/Drivers/STM32L0xx_HAL_Driver/Src/stm32l0xx_hal_i2c.c.obj
 .debug_str     0x0000311c      0x8a9 CMakeFiles/blink.elf.dir/Drivers/STM32L0xx_HAL_Driver/Src/stm32l0xx_hal_i2c_ex.c.obj
 .debug_str     0x0000311c      0x759 CMakeFiles/blink.elf.dir/Drivers/STM32L0xx_HAL_Driver/Src/stm32l0xx_hal_rcc.c.obj
 .debug_str     0x0000311c      0x55c CMakeFiles/blink.elf.dir/Drivers/STM32L0xx_HAL_Driver/Src/stm32l0xx_hal_rcc_ex.c.obj
 .debug_str     0x0000311c      0x7df CMakeFiles/blink.elf.dir/Drivers/STM32L0xx_HAL_Driver/Src/stm32l0xx_hal_rtc.c.obj
 .debug_str     0x0000311c      0xabe CMakeFiles/blink.elf.dir/Drivers/STM32L0xx_HAL_Driver/Src/stm32l0xx_hal_rtc_ex.c.obj

.comment        0x00000000       0x44
 .comment       0x00000000       0x44 CMakeFiles/blink.elf.dir/Core/Src/ina226.c.obj
                                 0x45 (size before relaxing)
 .comment       0x00000044       0x45 CMakeFiles/blink.elf.dir/Core/Src/main.c.obj
 .comment       0x00000044       0x45 CMakeFiles/blink.elf.dir/Core/Src/stm32l0xx_hal_msp.c.obj
 .comment       0x00000044       0x45 CMakeFiles/blink.elf.dir/Core/Src/stm32l0xx_it.c.obj
 .comment       0x00000044       0x45 CMakeFiles/blink.elf.dir/Core/Src/system_stm32l0xx.c.obj
 .comment       0x00000044       0x45 CMakeFiles/blink.elf.dir/Drivers/STM32L0xx_HAL_Driver/Src/stm32l0xx_hal.c.obj
 .comment       0x00000044       0x45 CMakeFiles/blink.elf.dir/Drivers/STM32L0xx_HAL_Driver/Src/stm32l0xx_hal_cortex.c.obj
 .comment       0x00000044       0x45 CMakeFiles/blink.elf.dir/Drivers/STM32L0xx_HAL_Driver/Src/stm32l0xx_hal_gpio.c.obj
 .comment       0x00000044       0x45 CMakeFiles/blink.elf.dir/Drivers/STM32L0xx_HAL_Driver/Src/stm32l0xx_hal_i2c.c.obj
 .comment       0x00000044       0x45 CMakeFiles/blink.elf.dir/Drivers/STM32L0xx_HAL_Driver/Src/stm32l0xx_hal_i2c_ex.c.obj
 .comment       0x00000044       0x45 CMakeFiles/blink.elf.dir/Drivers/STM32L0xx_HAL_Driver/Src/stm32l0xx_hal_rcc.c.obj
 .comment       0x00000044       0x45 CMakeFiles/blink.elf.dir/Drivers/STM32L0xx_HAL_Driver/Src/stm32l0xx_hal_rcc_ex.c.obj
 .comment       0x00000044       0x45 CMakeFiles/blink.elf.dir/Drivers/STM32L0xx_HAL_Driver/Src/stm32l0xx_hal_rtc.c.obj
 .comment       0x00000044       0x45 CMakeFiles/blink.elf.dir/Drivers/STM32L0xx_HAL_Driver/Src/stm32l0xx_hal_rtc_ex.c.obj

.debug_frame    0x00000000     0x1bc0
 .debug_frame   0x00000000       0x7c CMakeFiles/blink.elf.dir/Core/Src/ina226.c.obj
 .debug_frame   0x0000007c       0xc4 CMakeFiles/blink.elf.dir/Core/Src/main.c.obj
 .debug_frame   0x00000140       0x84 CMakeFiles/blink.elf.dir/Core/Src/stm32l0xx_hal_msp.c.obj
 .debug_frame   0x000001c4       0x80 CMakeFiles/blink.elf.dir/Core/Src/stm32l0xx_it.c.obj
 .debug_frame   0x00000244       0x38 CMakeFiles/blink.elf.dir/Core/Src/system_stm32l0xx.c.obj
 .debug_frame   0x0000027c      0x22c CMakeFiles/blink.elf.dir/Drivers/STM32L0xx_HAL_Driver/Src/stm32l0xx_hal.c.obj
 .debug_frame   0x000004a8      0x174 CMakeFiles/blink.elf.dir/Drivers/STM32L0xx_HAL_Driver/Src/stm32l0xx_hal_cortex.c.obj
 .debug_frame   0x0000061c       0xc0 CMakeFiles/blink.elf.dir/Drivers/STM32L0xx_HAL_Driver/Src/stm32l0xx_hal_gpio.c.obj
 .debug_frame   0x000006dc      0x8b0 CMakeFiles/blink.elf.dir/Drivers/STM32L0xx_HAL_Driver/Src/stm32l0xx_hal_i2c.c.obj
 .debug_frame   0x00000f8c       0xa8 CMakeFiles/blink.elf.dir/Drivers/STM32L0xx_HAL_Driver/Src/stm32l0xx_hal_i2c_ex.c.obj
 .debug_frame   0x00001034      0x140 CMakeFiles/blink.elf.dir/Drivers/STM32L0xx_HAL_Driver/Src/stm32l0xx_hal_rcc.c.obj
 .debug_frame   0x00001174       0xb4 CMakeFiles/blink.elf.dir/Drivers/STM32L0xx_HAL_Driver/Src/stm32l0xx_hal_rcc_ex.c.obj
 .debug_frame   0x00001228      0x270 CMakeFiles/blink.elf.dir/Drivers/STM32L0xx_HAL_Driver/Src/stm32l0xx_hal_rtc.c.obj
 .debug_frame   0x00001498      0x388 CMakeFiles/blink.elf.dir/Drivers/STM32L0xx_HAL_Driver/Src/stm32l0xx_hal_rtc_ex.c.obj
 .debug_frame   0x00001820       0x20 C:/PROGRA~2/ARMGNU~1/13C7F1~1.2RE/bin/../lib/gcc/arm-none-eabi/13.2.1/thumb/v6-m/nofp\libgcc.a(_udivsi3.o)
 .debug_frame   0x00001840       0x34 C:/PROGRA~2/ARMGNU~1/13C7F1~1.2RE/bin/../lib/gcc/arm-none-eabi/13.2.1/thumb/v6-m/nofp\libgcc.a(_muldi3.o)
 .debug_frame   0x00001874       0x3c C:/PROGRA~2/ARMGNU~1/13C7F1~1.2RE/bin/../lib/gcc/arm-none-eabi/13.2.1/thumb/v6-m/nofp\libgcc.a(_udivmoddi4.o)
 .debug_frame   0x000018b0       0x38 C:/PROGRA~2/ARMGNU~1/13C7F1~1.2RE/bin/../lib/gcc/arm-none-eabi/13.2.1/thumb/v6-m/nofp\libgcc.a(divsf3.o)
 .debug_frame   0x000018e8       0x38 C:/PROGRA~2/ARMGNU~1/13C7F1~1.2RE/bin/../lib/gcc/arm-none-eabi/13.2.1/thumb/v6-m/nofp\libgcc.a(mulsf3.o)
 .debug_frame   0x00001920       0x20 C:/PROGRA~2/ARMGNU~1/13C7F1~1.2RE/bin/../lib/gcc/arm-none-eabi/13.2.1/thumb/v6-m/nofp\libgcc.a(fixsfsi.o)
 .debug_frame   0x00001940       0x2c C:/PROGRA~2/ARMGNU~1/13C7F1~1.2RE/bin/../lib/gcc/arm-none-eabi/13.2.1/thumb/v6-m/nofp\libgcc.a(floatsisf.o)
 .debug_frame   0x0000196c       0x3c C:/PROGRA~2/ARMGNU~1/13C7F1~1.2RE/bin/../lib/gcc/arm-none-eabi/13.2.1/thumb/v6-m/nofp\libgcc.a(muldf3.o)
 .debug_frame   0x000019a8       0x2c C:/PROGRA~2/ARMGNU~1/13C7F1~1.2RE/bin/../lib/gcc/arm-none-eabi/13.2.1/thumb/v6-m/nofp\libgcc.a(floatsidf.o)
 .debug_frame   0x000019d4       0x30 C:/PROGRA~2/ARMGNU~1/13C7F1~1.2RE/bin/../lib/gcc/arm-none-eabi/13.2.1/thumb/v6-m/nofp\libg.a(libc_a-memset.o)
 .debug_frame   0x00001a04       0x2c C:/PROGRA~2/ARMGNU~1/13C7F1~1.2RE/bin/../lib/gcc/arm-none-eabi/13.2.1/thumb/v6-m/nofp\libg.a(libc_a-init.o)
 .debug_frame   0x00001a30       0xb0 C:/PROGRA~2/ARMGNU~1/13C7F1~1.2RE/bin/../lib/gcc/arm-none-eabi/13.2.1/thumb/v6-m/nofp\libg.a(libc_a-lock.o)
 .debug_frame   0x00001ae0       0x54 C:/PROGRA~2/ARMGNU~1/13C7F1~1.2RE/bin/../lib/gcc/arm-none-eabi/13.2.1/thumb/v6-m/nofp\libg.a(libc_a-__call_atexit.o)
 .debug_frame   0x00001b34       0x28 C:/PROGRA~2/ARMGNU~1/13C7F1~1.2RE/bin/../lib/gcc/arm-none-eabi/13.2.1/thumb/v6-m/nofp\libg.a(libc_a-atexit.o)
 .debug_frame   0x00001b5c       0x2c C:/PROGRA~2/ARMGNU~1/13C7F1~1.2RE/bin/../lib/gcc/arm-none-eabi/13.2.1/thumb/v6-m/nofp\libg.a(libc_a-fini.o)
 .debug_frame   0x00001b88       0x38 C:/PROGRA~2/ARMGNU~1/13C7F1~1.2RE/bin/../lib/gcc/arm-none-eabi/13.2.1/thumb/v6-m/nofp\libg.a(libc_a-__atexit.o)

.debug_line_str
                0x00000000      0x176
 .debug_line_str
                0x00000000      0x176 CMakeFiles/blink.elf.dir/Core/Startup/startup_stm32l071rbtx.s.obj
                                 0xa1 (size before relaxing)
 .debug_line_str
                0x00000176       0xc9 C:/PROGRA~2/ARMGNU~1/13C7F1~1.2RE/bin/../lib/gcc/arm-none-eabi/13.2.1/thumb/v6-m/nofp\libgcc.a(_udivsi3.o)
 .debug_line_str
                0x00000176       0xc9 C:/PROGRA~2/ARMGNU~1/13C7F1~1.2RE/bin/../lib/gcc/arm-none-eabi/13.2.1/thumb/v6-m/nofp\libgcc.a(_dvmd_tls.o)
 .debug_line_str
                0x00000176       0xc9 C:/PROGRA~2/ARMGNU~1/13C7F1~1.2RE/bin/../lib/gcc/arm-none-eabi/13.2.1/thumb/v6-m/nofp\libgcc.a(_aeabi_uldivmod.o)
 .debug_line_str
                0x00000176       0xc9 C:/PROGRA~2/ARMGNU~1/13C7F1~1.2RE/bin/../lib/gcc/arm-none-eabi/13.2.1/thumb/v6-m/nofp\libgcc.a(_clzsi2.o)
 .debug_line_str
                0x00000176       0xc9 C:/PROGRA~2/ARMGNU~1/13C7F1~1.2RE/bin/../lib/gcc/arm-none-eabi/13.2.1/thumb/v6-m/nofp\libgcc.a(_clzdi2.o)
